runtime: goroutine stack exceeds 1000000000-byte limit
runtime: sp=0x11b918ce0340 stack=[0x11b918ce0000, 0x11b938ce0000]
fatal error: stack overflow

runtime stack:
runtime.throw({0x100d29ab7?, 0x100b16764?})
	/opt/homebrew/Cellar/go/1.26.5/libexec/src/runtime/panic.go:1229 +0x38 fp=0x16f91eda0 sp=0x16f91ed70 pc=0x100b5da68
runtime.newstack()
	/opt/homebrew/Cellar/go/1.26.5/libexec/src/runtime/stack.go:1178 +0x498 fp=0x16f91eed0 sp=0x16f91eda0 pc=0x100b43c48
runtime.morestack()
	/opt/homebrew/Cellar/go/1.26.5/libexec/src/runtime/asm_arm64.s:507 +0x70 fp=0x16f91eed0 sp=0x16f91eed0 pc=0x100b631e0

goroutine 5 gp=0x11b8f8aeb4a0 m=11 mp=0x11b8fdc00008 [running]:
go.opentelemetry.io/otel/trace.SpanContextFromContext({0x100feea88?, 0x101080360?})
	/Users/jocham/go/pkg/mod/go.opentelemetry.io/otel/trace@v1.44.0/context.go:48 +0xa0 fp=0x11b918ce0340 sp=0x11b918ce0340 pc=0x100cacce0
github.com/mediusfy/modulex/otel.(*Tracer).SpanContextFromContext(0x11b918ce0458?, {0x100feea88?, 0x101080360?})
	/Users/jocham/programming/projects/mediusfy/modulex/otel/otel.go:49 +0x30 fp=0x11b918ce03f0 sp=0x11b918ce0340 pc=0x100cbd780
github.com/mediusfy/modulex.(*Manager).startSpan(0x11b8f8c88000, {0x100feea88, 0x101080360}, {0x100d2899e, 0xb}, 0x11b938cdfda0)
	/Users/jocham/programming/projects/mediusfy/modulex/modulex.go:591 +0x44 fp=0x11b918ce0570 sp=0x11b918ce03f0 pc=0x100cb8044
github.com/mediusfy/modulex.(*Manager).startSpan(0x11b8f8c88000, {0x100feea88, 0x101080360}, {0x100d2899e, 0xb}, 0x11b938cdfda0)
	/Users/jocham/programming/projects/mediusfy/modulex/modulex.go:592 +0x68 fp=0x11b918ce06f0 sp=0x11b918ce0570 pc=0x100cb8068
github.com/mediusfy/modulex.(*Manager).startSpan(0x11b8f8c88000, {0x100feea88, 0x101080360}, {0x100d2899e, 0xb}, 0x11b938cdfda0)
	/Users/jocham/programming/projects/mediusfy/modulex/modulex.go:592 +0x68 fp=0x11b918ce0870 sp=0x11b918ce06f0 pc=0x100cb8068
github.com/mediusfy/modulex.(*Manager).startSpan(0x11b8f8c88000, {0x100feea88, 0x101080360}, {0x100d2899e, 0xb}, 0x11b938cdfda0)
	/Users/jocham/programming/projects/mediusfy/modulex/modulex.go:592 +0x68 fp=0x11b918ce09f0 sp=0x11b918ce0870 pc=0x100cb8068
github.com/mediusfy/modulex.(*Manager).startSpan(0x11b8f8c88000, {0x100feea88, 0x101080360}, {0x100d2899e, 0xb}, 0x11b938cdfda0)
	/Users/jocham/programming/projects/mediusfy/modulex/modulex.go:592 +0x68 fp=0x11b918ce0b70 sp=0x11b918ce09f0 pc=0x100cb8068
github.com/mediusfy/modulex.(*Manager).startSpan(0x11b8f8c88000, {0x100feea88, 0x101080360}, {0x100d2899e, 0xb}, 0x11b938cdfda0)
	/Users/jocham/programming/projects/mediusfy/modulex/modulex.go:592 +0x68 fp=0x11b918ce0cf0 sp=0x11b918ce0b70 pc=0x100cb8068
github.com/mediusfy/modulex.(*Manager).startSpan(0x11b8f8c88000, {0x100feea88, 0x101080360}, {0x100d2899e, 0xb}, 0x11b938cdfda0)
	/Users/jocham/programming/projects/mediusfy/modulex/modulex.go:592 +0x68 fp=0x11b918ce0e70 sp=0x11b918ce0cf0 pc=0x100cb8068
github.com/mediusfy/modulex.(*Manager).startSpan(0x11b8f8c88000, {0x100feea88, 0x101080360}, {0x100d2899e, 0xb}, 0x11b938cdfda0)
	/Users/jocham/programming/projects/mediusfy/modulex/modulex.go:592 +0x68 fp=0x11b918ce0ff0 sp=0x11b918ce0e70 pc=0x100cb8068
github.com/mediusfy/modulex.(*Manager).startSpan(0x11b8f8c88000, {0x100feea88, 0x101080360}, {0x100d2899e, 0xb}, 0x11b938cdfda0)
	/Users/jocham/programming/projects/mediusfy/modulex/modulex.go:592 +0x68 fp=0x11b918ce1170 sp=0x11b918ce0ff0 pc=0x100cb8068
github.com/mediusfy/modulex.(*Manager).startSpan(0x11b8f8c88000, {0x100feea88, 0x101080360}, {0x100d2899e, 0xb}, 0x11b938cdfda0)
	/Users/jocham/programming/projects/mediusfy/modulex/modulex.go:592 +0x68 fp=0x11b918ce12f0 sp=0x11b918ce1170 pc=0x100cb8068
github.com/mediusfy/modulex.(*Manager).startSpan(0x11b8f8c88000, {0x100feea88, 0x101080360}, {0x100d2899e, 0xb}, 0x11b938cdfda0)
	/Users/jocham/programming/projects/mediusfy/modulex/modulex.go:592 +0x68 fp=0x11b918ce1470 sp=0x11b918ce12f0 pc=0x100cb8068
github.com/mediusfy/modulex.(*Manager).startSpan(0x11b8f8c88000, {0x100feea88, 0x101080360}, {0x100d2899e, 0xb}, 0x11b938cdfda0)
	/Users/jocham/programming/projects/mediusfy/modulex/modulex.go:592 +0x68 fp=0x11b918ce15f0 sp=0x11b918ce1470 pc=0x100cb8068
github.com/mediusfy/modulex.(*Manager).startSpan(0x11b8f8c88000, {0x100feea88, 0x101080360}, {0x100d2899e, 0xb}, 0x11b938cdfda0)
	/Users/jocham/programming/projects/mediusfy/modulex/modulex.go:592 +0x68 fp=0x11b918ce1770 sp=0x11b918ce15f0 pc=0x100cb8068
github.com/mediusfy/modulex.(*Manager).startSpan(0x11b8f8c88000, {0x100feea88, 0x101080360}, {0x100d2899e, 0xb}, 0x11b938cdfda0)
	/Users/jocham/programming/projects/mediusfy/modulex/modulex.go:592 +0x68 fp=0x11b918ce18f0 sp=0x11b918ce1770 pc=0x100cb8068
github.com/mediusfy/modulex.(*Manager).startSpan(0x11b8f8c88000, {0x100feea88, 0x101080360}, {0x100d2899e, 0xb}, 0x11b938cdfda0)
	/Users/jocham/programming/projects/mediusfy/modulex/modulex.go:592 +0x68 fp=0x11b918ce1a70 sp=0x11b918ce18f0 pc=0x100cb8068
github.com/mediusfy/modulex.(*Manager).startSpan(0x11b8f8c88000, {0x100feea88, 0x101080360}, {0x100d2899e, 0xb}, 0x11b938cdfda0)
	/Users/jocham/programming/projects/mediusfy/modulex/modulex.go:592 +0x68 fp=0x11b918ce1bf0 sp=0x11b918ce1a70 pc=0x100cb8068
github.com/mediusfy/modulex.(*Manager).startSpan(0x11b8f8c88000, {0x100feea88, 0x101080360}, {0x100d2899e, 0xb}, 0x11b938cdfda0)
	/Users/jocham/programming/projects/mediusfy/modulex/modulex.go:592 +0x68 fp=0x11b918ce1d70 sp=0x11b918ce1bf0 pc=0x100cb8068
github.com/mediusfy/modulex.(*Manager).startSpan(0x11b8f8c88000, {0x100feea88, 0x101080360}, {0x100d2899e, 0xb}, 0x11b938cdfda0)
	/Users/jocham/programming/projects/mediusfy/modulex/modulex.go:592 +0x68 fp=0x11b918ce1ef0 sp=0x11b918ce1d70 pc=0x100cb8068
github.com/mediusfy/modulex.(*Manager).startSpan(0x11b8f8c88000, {0x100feea88, 0x101080360}, {0x100d2899e, 0xb}, 0x11b938cdfda0)
	/Users/jocham/programming/projects/mediusfy/modulex/modulex.go:592 +0x68 fp=0x11b918ce2070 sp=0x11b918ce1ef0 pc=0x100cb8068
github.com/mediusfy/modulex.(*Manager).startSpan(0x11b8f8c88000, {0x100feea88, 0x101080360}, {0x100d2899e, 0xb}, 0x11b938cdfda0)
	/Users/jocham/programming/projects/mediusfy/modulex/modulex.go:592 +0x68 fp=0x11b918ce21f0 sp=0x11b918ce2070 pc=0x100cb8068
github.com/mediusfy/modulex.(*Manager).startSpan(0x11b8f8c88000, {0x100feea88, 0x101080360}, {0x100d2899e, 0xb}, 0x11b938cdfda0)
	/Users/jocham/programming/projects/mediusfy/modulex/modulex.go:592 +0x68 fp=0x11b918ce2370 sp=0x11b918ce21f0 pc=0x100cb8068
github.com/mediusfy/modulex.(*Manager).startSpan(0x11b8f8c88000, {0x100feea88, 0x101080360}, {0x100d2899e, 0xb}, 0x11b938cdfda0)
	/Users/jocham/programming/projects/mediusfy/modulex/modulex.go:592 +0x68 fp=0x11b918ce24f0 sp=0x11b918ce2370 pc=0x100cb8068
github.com/mediusfy/modulex.(*Manager).startSpan(0x11b8f8c88000, {0x100feea88, 0x101080360}, {0x100d2899e, 0xb}, 0x11b938cdfda0)
	/Users/jocham/programming/projects/mediusfy/modulex/modulex.go:592 +0x68 fp=0x11b918ce2670 sp=0x11b918ce24f0 pc=0x100cb8068
github.com/mediusfy/modulex.(*Manager).startSpan(0x11b8f8c88000, {0x100feea88, 0x101080360}, {0x100d2899e, 0xb}, 0x11b938cdfda0)
	/Users/jocham/programming/projects/mediusfy/modulex/modulex.go:592 +0x68 fp=0x11b918ce27f0 sp=0x11b918ce2670 pc=0x100cb8068
github.com/mediusfy/modulex.(*Manager).startSpan(0x11b8f8c88000, {0x100feea88, 0x101080360}, {0x100d2899e, 0xb}, 0x11b938cdfda0)
	/Users/jocham/programming/projects/mediusfy/modulex/modulex.go:592 +0x68 fp=0x11b918ce2970 sp=0x11b918ce27f0 pc=0x100cb8068
github.com/mediusfy/modulex.(*Manager).startSpan(0x11b8f8c88000, {0x100feea88, 0x101080360}, {0x100d2899e, 0xb}, 0x11b938cdfda0)
	/Users/jocham/programming/projects/mediusfy/modulex/modulex.go:592 +0x68 fp=0x11b918ce2af0 sp=0x11b918ce2970 pc=0x100cb8068
github.com/mediusfy/modulex.(*Manager).startSpan(0x11b8f8c88000, {0x100feea88, 0x101080360}, {0x100d2899e, 0xb}, 0x11b938cdfda0)
	/Users/jocham/programming/projects/mediusfy/modulex/modulex.go:592 +0x68 fp=0x11b918ce2c70 sp=0x11b918ce2af0 pc=0x100cb8068
github.com/mediusfy/modulex.(*Manager).startSpan(0x11b8f8c88000, {0x100feea88, 0x101080360}, {0x100d2899e, 0xb}, 0x11b938cdfda0)
	/Users/jocham/programming/projects/mediusfy/modulex/modulex.go:592 +0x68 fp=0x11b918ce2df0 sp=0x11b918ce2c70 pc=0x100cb8068
github.com/mediusfy/modulex.(*Manager).startSpan(0x11b8f8c88000, {0x100feea88, 0x101080360}, {0x100d2899e, 0xb}, 0x11b938cdfda0)
	/Users/jocham/programming/projects/mediusfy/modulex/modulex.go:592 +0x68 fp=0x11b918ce2f70 sp=0x11b918ce2df0 pc=0x100cb8068
github.com/mediusfy/modulex.(*Manager).startSpan(0x11b8f8c88000, {0x100feea88, 0x101080360}, {0x100d2899e, 0xb}, 0x11b938cdfda0)
	/Users/jocham/programming/projects/mediusfy/modulex/modulex.go:592 +0x68 fp=0x11b918ce30f0 sp=0x11b918ce2f70 pc=0x100cb8068
github.com/mediusfy/modulex.(*Manager).startSpan(0x11b8f8c88000, {0x100feea88, 0x101080360}, {0x100d2899e, 0xb}, 0x11b938cdfda0)
	/Users/jocham/programming/projects/mediusfy/modulex/modulex.go:592 +0x68 fp=0x11b918ce3270 sp=0x11b918ce30f0 pc=0x100cb8068
github.com/mediusfy/modulex.(*Manager).startSpan(0x11b8f8c88000, {0x100feea88, 0x101080360}, {0x100d2899e, 0xb}, 0x11b938cdfda0)
	/Users/jocham/programming/projects/mediusfy/modulex/modulex.go:592 +0x68 fp=0x11b918ce33f0 sp=0x11b918ce3270 pc=0x100cb8068
github.com/mediusfy/modulex.(*Manager).startSpan(0x11b8f8c88000, {0x100feea88, 0x101080360}, {0x100d2899e, 0xb}, 0x11b938cdfda0)
	/Users/jocham/programming/projects/mediusfy/modulex/modulex.go:592 +0x68 fp=0x11b918ce3570 sp=0x11b918ce33f0 pc=0x100cb8068
github.com/mediusfy/modulex.(*Manager).startSpan(0x11b8f8c88000, {0x100feea88, 0x101080360}, {0x100d2899e, 0xb}, 0x11b938cdfda0)
	/Users/jocham/programming/projects/mediusfy/modulex/modulex.go:592 +0x68 fp=0x11b918ce36f0 sp=0x11b918ce3570 pc=0x100cb8068
github.com/mediusfy/modulex.(*Manager).startSpan(0x11b8f8c88000, {0x100feea88, 0x101080360}, {0x100d2899e, 0xb}, 0x11b938cdfda0)
	/Users/jocham/programming/projects/mediusfy/modulex/modulex.go:592 +0x68 fp=0x11b918ce3870 sp=0x11b918ce36f0 pc=0x100cb8068
github.com/mediusfy/modulex.(*Manager).startSpan(0x11b8f8c88000, {0x100feea88, 0x101080360}, {0x100d2899e, 0xb}, 0x11b938cdfda0)
	/Users/jocham/programming/projects/mediusfy/modulex/modulex.go:592 +0x68 fp=0x11b918ce39f0 sp=0x11b918ce3870 pc=0x100cb8068
github.com/mediusfy/modulex.(*Manager).startSpan(0x11b8f8c88000, {0x100feea88, 0x101080360}, {0x100d2899e, 0xb}, 0x11b938cdfda0)
	/Users/jocham/programming/projects/mediusfy/modulex/modulex.go:592 +0x68 fp=0x11b918ce3b70 sp=0x11b918ce39f0 pc=0x100cb8068
github.com/mediusfy/modulex.(*Manager).startSpan(0x11b8f8c88000, {0x100feea88, 0x101080360}, {0x100d2899e, 0xb}, 0x11b938cdfda0)
	/Users/jocham/programming/projects/mediusfy/modulex/modulex.go:592 +0x68 fp=0x11b918ce3cf0 sp=0x11b918ce3b70 pc=0x100cb8068
github.com/mediusfy/modulex.(*Manager).startSpan(0x11b8f8c88000, {0x100feea88, 0x101080360}, {0x100d2899e, 0xb}, 0x11b938cdfda0)
	/Users/jocham/programming/projects/mediusfy/modulex/modulex.go:592 +0x68 fp=0x11b918ce3e70 sp=0x11b918ce3cf0 pc=0x100cb8068
github.com/mediusfy/modulex.(*Manager).startSpan(0x11b8f8c88000, {0x100feea88, 0x101080360}, {0x100d2899e, 0xb}, 0x11b938cdfda0)
	/Users/jocham/programming/projects/mediusfy/modulex/modulex.go:592 +0x68 fp=0x11b918ce3ff0 sp=0x11b918ce3e70 pc=0x100cb8068
github.com/mediusfy/modulex.(*Manager).startSpan(0x11b8f8c88000, {0x100feea88, 0x101080360}, {0x100d2899e, 0xb}, 0x11b938cdfda0)
	/Users/jocham/programming/projects/mediusfy/modulex/modulex.go:592 +0x68 fp=0x11b918ce4170 sp=0x11b918ce3ff0 pc=0x100cb8068
github.com/mediusfy/modulex.(*Manager).startSpan(0x11b8f8c88000, {0x100feea88, 0x101080360}, {0x100d2899e, 0xb}, 0x11b938cdfda0)
	/Users/jocham/programming/projects/mediusfy/modulex/modulex.go:592 +0x68 fp=0x11b918ce42f0 sp=0x11b918ce4170 pc=0x100cb8068
github.com/mediusfy/modulex.(*Manager).startSpan(0x11b8f8c88000, {0x100feea88, 0x101080360}, {0x100d2899e, 0xb}, 0x11b938cdfda0)
	/Users/jocham/programming/projects/mediusfy/modulex/modulex.go:592 +0x68 fp=0x11b918ce4470 sp=0x11b918ce42f0 pc=0x100cb8068
github.com/mediusfy/modulex.(*Manager).startSpan(0x11b8f8c88000, {0x100feea88, 0x101080360}, {0x100d2899e, 0xb}, 0x11b938cdfda0)
	/Users/jocham/programming/projects/mediusfy/modulex/modulex.go:592 +0x68 fp=0x11b918ce45f0 sp=0x11b918ce4470 pc=0x100cb8068
github.com/mediusfy/modulex.(*Manager).startSpan(0x11b8f8c88000, {0x100feea88, 0x101080360}, {0x100d2899e, 0xb}, 0x11b938cdfda0)
	/Users/jocham/programming/projects/mediusfy/modulex/modulex.go:592 +0x68 fp=0x11b918ce4770 sp=0x11b918ce45f0 pc=0x100cb8068
github.com/mediusfy/modulex.(*Manager).startSpan(0x11b8f8c88000, {0x100feea88, 0x101080360}, {0x100d2899e, 0xb}, 0x11b938cdfda0)
	/Users/jocham/programming/projects/mediusfy/modulex/modulex.go:592 +0x68 fp=0x11b918ce48f0 sp=0x11b918ce4770 pc=0x100cb8068
github.com/mediusfy/modulex.(*Manager).startSpan(0x11b8f8c88000, {0x100feea88, 0x101080360}, {0x100d2899e, 0xb}, 0x11b938cdfda0)
	/Users/jocham/programming/projects/mediusfy/modulex/modulex.go:592 +0x68 fp=0x11b918ce4a70 sp=0x11b918ce48f0 pc=0x100cb8068
github.com/mediusfy/modulex.(*Manager).startSpan(0x11b8f8c88000, {0x100feea88, 0x101080360}, {0x100d2899e, 0xb}, 0x11b938cdfda0)
	/Users/jocham/programming/projects/mediusfy/modulex/modulex.go:592 +0x68 fp=0x11b918ce4bf0 sp=0x11b918ce4a70 pc=0x100cb8068
...1398001 frames elided...
github.com/mediusfy/modulex.(*Manager).startSpan(0x11b8f8c88000, {0x100feea88, 0x101080360}, {0x100d2899e, 0xb}, 0x11b8f8c91da0)
	/Users/jocham/programming/projects/mediusfy/modulex/modulex.go:592 +0x68 fp=0x11b938cdb6f0 sp=0x11b938cdb570 pc=0x100cb8068
github.com/mediusfy/modulex.(*Manager).startSpan(0x11b8f8c88000, {0x100feea88, 0x101080360}, {0x100d2899e, 0xb}, 0x11b8f8c91da0)
	/Users/jocham/programming/projects/mediusfy/modulex/modulex.go:592 +0x68 fp=0x11b938cdb870 sp=0x11b938cdb6f0 pc=0x100cb8068
github.com/mediusfy/modulex.(*Manager).startSpan(0x11b8f8c88000, {0x100feea88, 0x101080360}, {0x100d2899e, 0xb}, 0x11b8f8c91da0)
	/Users/jocham/programming/projects/mediusfy/modulex/modulex.go:592 +0x68 fp=0x11b938cdb9f0 sp=0x11b938cdb870 pc=0x100cb8068
github.com/mediusfy/modulex.(*Manager).startSpan(0x11b8f8c88000, {0x100feea88, 0x101080360}, {0x100d2899e, 0xb}, 0x11b8f8c91da0)
	/Users/jocham/programming/projects/mediusfy/modulex/modulex.go:592 +0x68 fp=0x11b938cdbb70 sp=0x11b938cdb9f0 pc=0x100cb8068
github.com/mediusfy/modulex.(*Manager).startSpan(0x11b8f8c88000, {0x100feea88, 0x101080360}, {0x100d2899e, 0xb}, 0x11b8f8c91da0)
	/Users/jocham/programming/projects/mediusfy/modulex/modulex.go:592 +0x68 fp=0x11b938cdbcf0 sp=0x11b938cdbb70 pc=0x100cb8068
github.com/mediusfy/modulex.(*Manager).startSpan(0x11b8f8c88000, {0x100feea88, 0x101080360}, {0x100d2899e, 0xb}, 0x11b8f8c91da0)
	/Users/jocham/programming/projects/mediusfy/modulex/modulex.go:592 +0x68 fp=0x11b938cdbe70 sp=0x11b938cdbcf0 pc=0x100cb8068
github.com/mediusfy/modulex.(*Manager).startSpan(0x11b8f8c88000, {0x100feea88, 0x101080360}, {0x100d2899e, 0xb}, 0x11b8f8c91da0)
	/Users/jocham/programming/projects/mediusfy/modulex/modulex.go:592 +0x68 fp=0x11b938cdbff0 sp=0x11b938cdbe70 pc=0x100cb8068
github.com/mediusfy/modulex.(*Manager).startSpan(0x11b8f8c88000, {0x100feea88, 0x101080360}, {0x100d2899e, 0xb}, 0x11b8f8c91da0)
	/Users/jocham/programming/projects/mediusfy/modulex/modulex.go:592 +0x68 fp=0x11b938cdc170 sp=0x11b938cdbff0 pc=0x100cb8068
github.com/mediusfy/modulex.(*Manager).startSpan(0x11b8f8c88000, {0x100feea88, 0x101080360}, {0x100d2899e, 0xb}, 0x11b8f8c91da0)
	/Users/jocham/programming/projects/mediusfy/modulex/modulex.go:592 +0x68 fp=0x11b938cdc2f0 sp=0x11b938cdc170 pc=0x100cb8068
github.com/mediusfy/modulex.(*Manager).startSpan(0x11b8f8c88000, {0x100feea88, 0x101080360}, {0x100d2899e, 0xb}, 0x11b8f8c91da0)
	/Users/jocham/programming/projects/mediusfy/modulex/modulex.go:592 +0x68 fp=0x11b938cdc470 sp=0x11b938cdc2f0 pc=0x100cb8068
github.com/mediusfy/modulex.(*Manager).startSpan(0x11b8f8c88000, {0x100feea88, 0x101080360}, {0x100d2899e, 0xb}, 0x11b8f8c91da0)
	/Users/jocham/programming/projects/mediusfy/modulex/modulex.go:592 +0x68 fp=0x11b938cdc5f0 sp=0x11b938cdc470 pc=0x100cb8068
github.com/mediusfy/modulex.(*Manager).startSpan(0x11b8f8c88000, {0x100feea88, 0x101080360}, {0x100d2899e, 0xb}, 0x11b8f8c87da0)
	/Users/jocham/programming/projects/mediusfy/modulex/modulex.go:592 +0x68 fp=0x11b938cdc770 sp=0x11b938cdc5f0 pc=0x100cb8068
github.com/mediusfy/modulex.(*Manager).startSpan(0x11b8f8c88000, {0x100feea88, 0x101080360}, {0x100d2899e, 0xb}, 0x11b8f8c87da0)
	/Users/jocham/programming/projects/mediusfy/modulex/modulex.go:592 +0x68 fp=0x11b938cdc8f0 sp=0x11b938cdc770 pc=0x100cb8068
github.com/mediusfy/modulex.(*Manager).startSpan(0x11b8f8c88000, {0x100feea88, 0x101080360}, {0x100d2899e, 0xb}, 0x11b8f8c87da0)
	/Users/jocham/programming/projects/mediusfy/modulex/modulex.go:592 +0x68 fp=0x11b938cdca70 sp=0x11b938cdc8f0 pc=0x100cb8068
github.com/mediusfy/modulex.(*Manager).startSpan(0x11b8f8c88000, {0x100feea88, 0x101080360}, {0x100d2899e, 0xb}, 0x11b8f8c87da0)
	/Users/jocham/programming/projects/mediusfy/modulex/modulex.go:592 +0x68 fp=0x11b938cdcbf0 sp=0x11b938cdca70 pc=0x100cb8068
github.com/mediusfy/modulex.(*Manager).startSpan(0x11b8f8c88000, {0x100feea88, 0x101080360}, {0x100d2899e, 0xb}, 0x11b8f8c87da0)
	/Users/jocham/programming/projects/mediusfy/modulex/modulex.go:592 +0x68 fp=0x11b938cdcd70 sp=0x11b938cdcbf0 pc=0x100cb8068
github.com/mediusfy/modulex.(*Manager).startSpan(0x11b8f8c88000, {0x100feea88, 0x101080360}, {0x100d2899e, 0xb}, 0x11b8f8c87da0)
	/Users/jocham/programming/projects/mediusfy/modulex/modulex.go:592 +0x68 fp=0x11b938cdcef0 sp=0x11b938cdcd70 pc=0x100cb8068
github.com/mediusfy/modulex.(*Manager).startSpan(0x11b8f8c88000, {0x100feea88, 0x101080360}, {0x100d2899e, 0xb}, 0x11b8f8c87da0)
	/Users/jocham/programming/projects/mediusfy/modulex/modulex.go:592 +0x68 fp=0x11b938cdd070 sp=0x11b938cdcef0 pc=0x100cb8068
github.com/mediusfy/modulex.(*Manager).startSpan(0x11b8f8c88000, {0x100feea88, 0x101080360}, {0x100d2899e, 0xb}, 0x11b8f8c87da0)
	/Users/jocham/programming/projects/mediusfy/modulex/modulex.go:592 +0x68 fp=0x11b938cdd1f0 sp=0x11b938cdd070 pc=0x100cb8068
github.com/mediusfy/modulex.(*Manager).startSpan(0x11b8f8c88000, {0x100feea88, 0x101080360}, {0x100d2899e, 0xb}, 0x11b8f8c87da0)
	/Users/jocham/programming/projects/mediusfy/modulex/modulex.go:592 +0x68 fp=0x11b938cdd370 sp=0x11b938cdd1f0 pc=0x100cb8068
github.com/mediusfy/modulex.(*Manager).startSpan(0x11b8f8c88000, {0x100feea88, 0x101080360}, {0x100d2899e, 0xb}, 0x11b8f8c87da0)
	/Users/jocham/programming/projects/mediusfy/modulex/modulex.go:592 +0x68 fp=0x11b938cdd4f0 sp=0x11b938cdd370 pc=0x100cb8068
github.com/mediusfy/modulex.(*Manager).startSpan(0x11b8f8c88000, {0x100feea88, 0x101080360}, {0x100d2899e, 0xb}, 0x11b8f8c87da0)
	/Users/jocham/programming/projects/mediusfy/modulex/modulex.go:592 +0x68 fp=0x11b938cdd670 sp=0x11b938cdd4f0 pc=0x100cb8068
github.com/mediusfy/modulex.(*Manager).startSpan(0x11b8f8c88000, {0x100feea88, 0x101080360}, {0x100d2899e, 0xb}, 0x11b8f8c87da0)
	/Users/jocham/programming/projects/mediusfy/modulex/modulex.go:592 +0x68 fp=0x11b938cdd7f0 sp=0x11b938cdd670 pc=0x100cb8068
github.com/mediusfy/modulex.(*Manager).startSpan(0x11b8f8c88000, {0x100feea88, 0x101080360}, {0x100d2899e, 0xb}, 0x11b8f8c87da0)
	/Users/jocham/programming/projects/mediusfy/modulex/modulex.go:592 +0x68 fp=0x11b938cdd970 sp=0x11b938cdd7f0 pc=0x100cb8068
github.com/mediusfy/modulex.(*Manager).startSpan(0x11b8f8c88000, {0x100feea88, 0x101080360}, {0x100d2899e, 0xb}, 0x11b8f8c87da0)
	/Users/jocham/programming/projects/mediusfy/modulex/modulex.go:592 +0x68 fp=0x11b938cddaf0 sp=0x11b938cdd970 pc=0x100cb8068
github.com/mediusfy/modulex.(*Manager).startSpan(0x11b8f8c88000, {0x100feea88, 0x101080360}, {0x100d2899e, 0xb}, 0x11b8f8c87da0)
	/Users/jocham/programming/projects/mediusfy/modulex/modulex.go:592 +0x68 fp=0x11b938cddc70 sp=0x11b938cddaf0 pc=0x100cb8068
github.com/mediusfy/modulex.(*Manager).startSpan(0x11b8f8c88000, {0x100feea88, 0x101080360}, {0x100d2899e, 0xb}, 0x11b8f8c87da0)
	/Users/jocham/programming/projects/mediusfy/modulex/modulex.go:592 +0x68 fp=0x11b938cdddf0 sp=0x11b938cddc70 pc=0x100cb8068
github.com/mediusfy/modulex.(*Manager).startSpan(0x11b8f8c88000, {0x100feea88, 0x101080360}, {0x100d2899e, 0xb}, 0x11b8f8c87da0)
	/Users/jocham/programming/projects/mediusfy/modulex/modulex.go:592 +0x68 fp=0x11b938cddf70 sp=0x11b938cdddf0 pc=0x100cb8068
github.com/mediusfy/modulex.(*Manager).startSpan(0x11b8f8c88000, {0x100feea88, 0x101080360}, {0x100d2899e, 0xb}, 0x11b8f8c87da0)
	/Users/jocham/programming/projects/mediusfy/modulex/modulex.go:592 +0x68 fp=0x11b938cde0f0 sp=0x11b938cddf70 pc=0x100cb8068
github.com/mediusfy/modulex.(*Manager).startSpan(0x11b8f8c88000, {0x100feea88, 0x101080360}, {0x100d2899e, 0xb}, 0x11b8f8c87da0)
	/Users/jocham/programming/projects/mediusfy/modulex/modulex.go:592 +0x68 fp=0x11b938cde270 sp=0x11b938cde0f0 pc=0x100cb8068
github.com/mediusfy/modulex.(*Manager).startSpan(0x11b8f8c88000, {0x100feea88, 0x101080360}, {0x100d2899e, 0xb}, 0x11b8f8c87da0)
	/Users/jocham/programming/projects/mediusfy/modulex/modulex.go:592 +0x68 fp=0x11b938cde3f0 sp=0x11b938cde270 pc=0x100cb8068
github.com/mediusfy/modulex.(*Manager).startSpan(0x11b8f8c88000, {0x100feea88, 0x101080360}, {0x100d2899e, 0xb}, 0x11b8f8c87da0)
	/Users/jocham/programming/projects/mediusfy/modulex/modulex.go:592 +0x68 fp=0x11b938cde570 sp=0x11b938cde3f0 pc=0x100cb8068
github.com/mediusfy/modulex.(*Manager).startSpan(0x11b8f8c88000, {0x100feea88, 0x101080360}, {0x100d2899e, 0xb}, 0x11b8f8c87da0)
	/Users/jocham/programming/projects/mediusfy/modulex/modulex.go:592 +0x68 fp=0x11b938cde6f0 sp=0x11b938cde570 pc=0x100cb8068
github.com/mediusfy/modulex.(*Manager).startSpan(0x11b8f8c88000, {0x100feea88, 0x101080360}, {0x100d2899e, 0xb}, 0x11b8f8c87da0)
	/Users/jocham/programming/projects/mediusfy/modulex/modulex.go:592 +0x68 fp=0x11b938cde870 sp=0x11b938cde6f0 pc=0x100cb8068
github.com/mediusfy/modulex.(*Manager).startSpan(0x11b8f8c88000, {0x100feea88, 0x101080360}, {0x100d2899e, 0xb}, 0x11b8f8c87da0)
	/Users/jocham/programming/projects/mediusfy/modulex/modulex.go:592 +0x68 fp=0x11b938cde9f0 sp=0x11b938cde870 pc=0x100cb8068
github.com/mediusfy/modulex.(*Manager).startSpan(0x11b8f8c88000, {0x100feea88, 0x101080360}, {0x100d2899e, 0xb}, 0x11b8f8c87da0)
	/Users/jocham/programming/projects/mediusfy/modulex/modulex.go:592 +0x68 fp=0x11b938cdeb70 sp=0x11b938cde9f0 pc=0x100cb8068
github.com/mediusfy/modulex.(*Manager).startSpan(0x11b8f8c88000, {0x100feea88, 0x101080360}, {0x100d2899e, 0xb}, 0x11b8f8c87da0)
	/Users/jocham/programming/projects/mediusfy/modulex/modulex.go:592 +0x68 fp=0x11b938cdecf0 sp=0x11b938cdeb70 pc=0x100cb8068
github.com/mediusfy/modulex.(*Manager).startSpan(0x11b8f8c88000, {0x100feea88, 0x101080360}, {0x100d2899e, 0xb}, 0x11b8f8c87da0)
	/Users/jocham/programming/projects/mediusfy/modulex/modulex.go:592 +0x68 fp=0x11b938cdee70 sp=0x11b938cdecf0 pc=0x100cb8068
github.com/mediusfy/modulex.(*Manager).startSpan(0x11b8f8c88000, {0x100feea88, 0x101080360}, {0x100d2899e, 0xb}, 0x11b8f8c87da0)
	/Users/jocham/programming/projects/mediusfy/modulex/modulex.go:592 +0x68 fp=0x11b938cdeff0 sp=0x11b938cdee70 pc=0x100cb8068
github.com/mediusfy/modulex.(*Manager).startSpan(0x11b8f8c88000, {0x100feea88, 0x101080360}, {0x100d2899e, 0xb}, 0x11b8f8c87da0)
	/Users/jocham/programming/projects/mediusfy/modulex/modulex.go:592 +0x68 fp=0x11b938cdf170 sp=0x11b938cdeff0 pc=0x100cb8068
github.com/mediusfy/modulex.(*Manager).startSpan(0x11b8f8c88000, {0x100feea88, 0x101080360}, {0x100d2899e, 0xb}, 0x11b8f8c87da0)
	/Users/jocham/programming/projects/mediusfy/modulex/modulex.go:592 +0x68 fp=0x11b938cdf2f0 sp=0x11b938cdf170 pc=0x100cb8068
github.com/mediusfy/modulex.(*Manager).startSpan(0x11b8f8c88000, {0x100feea88, 0x101080360}, {0x100d2899e, 0xb}, 0x11b8f8c87da0)
	/Users/jocham/programming/projects/mediusfy/modulex/modulex.go:592 +0x68 fp=0x11b938cdf470 sp=0x11b938cdf2f0 pc=0x100cb8068
github.com/mediusfy/modulex.(*Manager).startSpan(0x11b8f8c88000, {0x100feea88, 0x101080360}, {0x100d2899e, 0xb}, 0x11b8f8c87da0)
	/Users/jocham/programming/projects/mediusfy/modulex/modulex.go:592 +0x68 fp=0x11b938cdf5f0 sp=0x11b938cdf470 pc=0x100cb8068
github.com/mediusfy/modulex.(*Manager).startSpan(0x11b8f8c88000, {0x100feea88, 0x101080360}, {0x100d2899e, 0xb}, 0x11b8f8c87da0)
	/Users/jocham/programming/projects/mediusfy/modulex/modulex.go:592 +0x68 fp=0x11b938cdf770 sp=0x11b938cdf5f0 pc=0x100cb8068
github.com/mediusfy/modulex.(*Manager).startSpan(0x11b8f8c88000, {0x100feea88, 0x101080360}, {0x100d2899e, 0xb}, 0x11b8f8c87da0)
	/Users/jocham/programming/projects/mediusfy/modulex/modulex.go:592 +0x68 fp=0x11b938cdf8f0 sp=0x11b938cdf770 pc=0x100cb8068
github.com/mediusfy/modulex.(*Manager).InitModules(0x11b8f8c88000, {0x100feea88, 0x101080360})
	/Users/jocham/programming/projects/mediusfy/modulex/modulex.go:763 +0x290 fp=0x11b938cdfde0 sp=0x11b938cdf8f0 pc=0x100cb9480
github.com/mediusfy/modulex/otel_test.TestTracesNoGaps(0x11b8f8c50908)
	/Users/jocham/programming/projects/mediusfy/modulex/otel/otel_test.go:49 +0x144 fp=0x11b938cdff60 sp=0x11b938cdfde0 pc=0x100ced824
testing.tRunner(0x11b8f8c50908, 0x100fe8ff0)
	/opt/homebrew/Cellar/go/1.26.5/libexec/src/testing/testing.go:2036 +0xc4 fp=0x11b938cdffb0 sp=0x11b938cdff60 pc=0x100bd4a74
testing.(*T).Run.gowrap1()
	/opt/homebrew/Cellar/go/1.26.5/libexec/src/testing/testing.go:2101 +0x20 fp=0x11b938cdffd0 sp=0x11b938cdffb0 pc=0x100bd5940
runtime.goexit({})
	/opt/homebrew/Cellar/go/1.26.5/libexec/src/runtime/asm_arm64.s:1447 +0x4 fp=0x11b938cdffd0 sp=0x11b938cdffd0 pc=0x100b650f4
created by testing.(*T).Run in goroutine 1
	/opt/homebrew/Cellar/go/1.26.5/libexec/src/testing/testing.go:2101 +0x3a8

goroutine 1 gp=0x11b8f8aea1e0 m=nil [chan receive]:
runtime.gopark(0x100b65c00?, 0x11b8f8b238d8?, 0xc?, 0xdf?, 0x10317c2e0?)
	/opt/homebrew/Cellar/go/1.26.5/libexec/src/runtime/proc.go:462 +0xbc fp=0x11b8f8c5b890 sp=0x11b8f8c5b870 pc=0x100b5db7c
runtime.chanrecv(0x11b8f8b16400, 0x11b8f8b23997, 0x1)
	/opt/homebrew/Cellar/go/1.26.5/libexec/src/runtime/chan.go:667 +0x470 fp=0x11b8f8c5b910 sp=0x11b8f8c5b890 pc=0x100af2730
runtime.chanrecv1(0x101058b20?, 0x100ff46c0?)
	/opt/homebrew/Cellar/go/1.26.5/libexec/src/runtime/chan.go:509 +0x14 fp=0x11b8f8c5b940 sp=0x11b8f8c5b910 pc=0x100af22b4
testing.(*T).Run(0x11b8f8c506c8, {0x100d2a3a2?, 0x1fa2e85000bd49e0?}, 0x100fe8ff0)
	/opt/homebrew/Cellar/go/1.26.5/libexec/src/testing/testing.go:2109 +0x3bc fp=0x11b8f8c5ba20 sp=0x11b8f8c5b940 pc=0x100bd581c
testing.runTests.func1(0x11b8f8c506c8)
	/opt/homebrew/Cellar/go/1.26.5/libexec/src/testing/testing.go:2585 +0x40 fp=0x11b8f8c5ba70 sp=0x11b8f8c5ba20 pc=0x100bd76a0
testing.tRunner(0x11b8f8c506c8, 0x11b8f8b23b98)
	/opt/homebrew/Cellar/go/1.26.5/libexec/src/testing/testing.go:2036 +0xc4 fp=0x11b8f8c5bac0 sp=0x11b8f8c5ba70 pc=0x100bd4a74
testing.runTests({0x100d2ed76, 0x1b}, {0x100d3128b, 0x20}, 0x11b8f8af6300, {0x1010514e0, 0xc, 0xc}, {0x11b8f8b23c58?, 0x100b5b87c?, ...})
	/opt/homebrew/Cellar/go/1.26.5/libexec/src/testing/testing.go:2583 +0x3f0 fp=0x11b8f8c5bbc0 sp=0x11b8f8c5bac0 pc=0x100bd7590
testing.(*M).Run(0x11b8f8b7eb40)
	/opt/homebrew/Cellar/go/1.26.5/libexec/src/testing/testing.go:2443 +0x578 fp=0x11b8f8c5be00 sp=0x11b8f8c5bbc0 pc=0x100bd63f8
go.uber.org/goleak.VerifyTestMain({0x100fec1a8?, 0x11b8f8b7eb40?}, {0x0, 0x0, 0x0})
	/Users/jocham/go/pkg/mod/go.uber.org/goleak@v1.3.0/testmain.go:53 +0x44 fp=0x11b8f8c5bea0 sp=0x11b8f8c5be00 pc=0x100ced2f4
github.com/mediusfy/modulex/otel_test.TestMain(...)
	/Users/jocham/programming/projects/mediusfy/modulex/otel/otel_test.go:25
main.main()
	_testmain.go:72 +0xa4 fp=0x11b8f8c5bf30 sp=0x11b8f8c5bea0 pc=0x100cf15c4
runtime.main()
	/opt/homebrew/Cellar/go/1.26.5/libexec/src/runtime/proc.go:290 +0x2b4 fp=0x11b8f8c5bfd0 sp=0x11b8f8c5bf30 pc=0x100b29614
runtime.goexit({})
	/opt/homebrew/Cellar/go/1.26.5/libexec/src/runtime/asm_arm64.s:1447 +0x4 fp=0x11b8f8c5bfd0 sp=0x11b8f8c5bfd0 pc=0x100b650f4

goroutine 17 gp=0x11b8f8b8c3c0 m=nil [force gc (idle)]:
runtime.gopark(0x0?, 0x0?, 0x0?, 0x0?, 0x0?)
	/opt/homebrew/Cellar/go/1.26.5/libexec/src/runtime/proc.go:462 +0xbc fp=0x11b8f8b62790 sp=0x11b8f8b62770 pc=0x100b5db7c
runtime.goparkunlock(...)
	/opt/homebrew/Cellar/go/1.26.5/libexec/src/runtime/proc.go:468
runtime.forcegchelper()
	/opt/homebrew/Cellar/go/1.26.5/libexec/src/runtime/proc.go:375 +0xb4 fp=0x11b8f8b627d0 sp=0x11b8f8b62790 pc=0x100b29934
runtime.goexit({})
	/opt/homebrew/Cellar/go/1.26.5/libexec/src/runtime/asm_arm64.s:1447 +0x4 fp=0x11b8f8b627d0 sp=0x11b8f8b627d0 pc=0x100b650f4
created by runtime.init.7 in goroutine 1
	/opt/homebrew/Cellar/go/1.26.5/libexec/src/runtime/proc.go:363 +0x24

goroutine 18 gp=0x11b8f8b8c5a0 m=nil [GC sweep wait]:
runtime.gopark(0x1?, 0x0?, 0x0?, 0x0?, 0x0?)
	/opt/homebrew/Cellar/go/1.26.5/libexec/src/runtime/proc.go:462 +0xbc fp=0x11b8f8b62f70 sp=0x11b8f8b62f50 pc=0x100b5db7c
runtime.goparkunlock(...)
	/opt/homebrew/Cellar/go/1.26.5/libexec/src/runtime/proc.go:468
runtime.bgsweep(0x11b8f8b9a000)
	/opt/homebrew/Cellar/go/1.26.5/libexec/src/runtime/mgcsweep.go:324 +0x178 fp=0x11b8f8b62fb0 sp=0x11b8f8b62f70 pc=0x100b12548
runtime.gcenable.gowrap1()
	/opt/homebrew/Cellar/go/1.26.5/libexec/src/runtime/mgc.go:214 +0x20 fp=0x11b8f8b62fd0 sp=0x11b8f8b62fb0 pc=0x100b03980
runtime.goexit({})
	/opt/homebrew/Cellar/go/1.26.5/libexec/src/runtime/asm_arm64.s:1447 +0x4 fp=0x11b8f8b62fd0 sp=0x11b8f8b62fd0 pc=0x100b650f4
created by runtime.gcenable in goroutine 1
	/opt/homebrew/Cellar/go/1.26.5/libexec/src/runtime/mgc.go:214 +0x6c

goroutine 19 gp=0x11b8f8b8c780 m=nil [sleep]:
runtime.gopark(0x11b8f8ba0000?, 0x35f42c24860?, 0x0?, 0x0?, 0x0?)
	/opt/homebrew/Cellar/go/1.26.5/libexec/src/runtime/proc.go:462 +0xbc fp=0x11b8f8b63720 sp=0x11b8f8b63700 pc=0x100b5db7c
runtime.goparkunlock(...)
	/opt/homebrew/Cellar/go/1.26.5/libexec/src/runtime/proc.go:468
runtime.(*scavengerState).sleep(0x101059240, 0x412e89a600000000)
	/opt/homebrew/Cellar/go/1.26.5/libexec/src/runtime/mgcscavenge.go:504 +0x108 fp=0x11b8f8b63790 sp=0x11b8f8b63720 pc=0x100b10238
runtime.bgscavenge(0x11b8f8b9a000)
	/opt/homebrew/Cellar/go/1.26.5/libexec/src/runtime/mgcscavenge.go:662 +0x9c fp=0x11b8f8b637b0 sp=0x11b8f8b63790 pc=0x100b105ec
runtime.gcenable.gowrap2()
	/opt/homebrew/Cellar/go/1.26.5/libexec/src/runtime/mgc.go:215 +0x20 fp=0x11b8f8b637d0 sp=0x11b8f8b637b0 pc=0x100b03940
runtime.goexit({})
	/opt/homebrew/Cellar/go/1.26.5/libexec/src/runtime/asm_arm64.s:1447 +0x4 fp=0x11b8f8b637d0 sp=0x11b8f8b637d0 pc=0x100b650f4
created by runtime.gcenable in goroutine 1
	/opt/homebrew/Cellar/go/1.26.5/libexec/src/runtime/mgc.go:215 +0xac

goroutine 2 gp=0x11b8f8aeaf00 m=nil [GOMAXPROCS updater (idle)]:
runtime.gopark(0x0?, 0x0?, 0x0?, 0x0?, 0x0?)
	/opt/homebrew/Cellar/go/1.26.5/libexec/src/runtime/proc.go:462 +0xbc fp=0x11b8f8b66f70 sp=0x11b8f8b66f50 pc=0x100b5db7c
runtime.goparkunlock(...)
	/opt/homebrew/Cellar/go/1.26.5/libexec/src/runtime/proc.go:468
runtime.updateMaxProcsGoroutine()
	/opt/homebrew/Cellar/go/1.26.5/libexec/src/runtime/proc.go:7095 +0xf4 fp=0x11b8f8b66fd0 sp=0x11b8f8b66f70 pc=0x100b38104
runtime.goexit({})
	/opt/homebrew/Cellar/go/1.26.5/libexec/src/runtime/asm_arm64.s:1447 +0x4 fp=0x11b8f8b66fd0 sp=0x11b8f8b66fd0 pc=0x100b650f4
created by runtime.defaultGOMAXPROCSUpdateEnable in goroutine 1
	/opt/homebrew/Cellar/go/1.26.5/libexec/src/runtime/proc.go:7083 +0x48

goroutine 3 gp=0x11b8f8aeb0e0 m=nil [finalizer wait]:
runtime.gopark(0x0?, 0x0?, 0xb8?, 0x65?, 0x100b5e874?)
	/opt/homebrew/Cellar/go/1.26.5/libexec/src/runtime/proc.go:462 +0xbc fp=0x11b8f8b66580 sp=0x11b8f8b66560 pc=0x100b5db7c
runtime.runFinalizers()
	/opt/homebrew/Cellar/go/1.26.5/libexec/src/runtime/mfinal.go:210 +0x100 fp=0x11b8f8b667d0 sp=0x11b8f8b66580 pc=0x100b029a0
runtime.goexit({})
	/opt/homebrew/Cellar/go/1.26.5/libexec/src/runtime/asm_arm64.s:1447 +0x4 fp=0x11b8f8b667d0 sp=0x11b8f8b667d0 pc=0x100b650f4
created by runtime.createfing in goroutine 1
	/opt/homebrew/Cellar/go/1.26.5/libexec/src/runtime/mfinal.go:172 +0x78

goroutine 4 gp=0x11b8f8aeb2c0 m=nil [cleanup wait]:
runtime.gopark(0x0?, 0x0?, 0x0?, 0x0?, 0x0?)
	/opt/homebrew/Cellar/go/1.26.5/libexec/src/runtime/proc.go:462 +0xbc fp=0x11b8f8b67750 sp=0x11b8f8b67730 pc=0x100b5db7c
runtime.goparkunlock(...)
	/opt/homebrew/Cellar/go/1.26.5/libexec/src/runtime/proc.go:468
runtime.(*cleanupQueue).dequeue(0x101059460)
	/opt/homebrew/Cellar/go/1.26.5/libexec/src/runtime/mcleanup.go:522 +0x160 fp=0x11b8f8b67790 sp=0x11b8f8b67750 pc=0x100aff930
runtime.runCleanups()
	/opt/homebrew/Cellar/go/1.26.5/libexec/src/runtime/mcleanup.go:718 +0x40 fp=0x11b8f8b677d0 sp=0x11b8f8b67790 pc=0x100b00080
runtime.goexit({})
	/opt/homebrew/Cellar/go/1.26.5/libexec/src/runtime/asm_arm64.s:1447 +0x4 fp=0x11b8f8b677d0 sp=0x11b8f8b677d0 pc=0x100b650f4
created by runtime.(*cleanupQueue).createGs in goroutine 1
	/opt/homebrew/Cellar/go/1.26.5/libexec/src/runtime/mcleanup.go:672 +0x108

goroutine 6 gp=0x11b8f8aeb680 m=nil [GC worker (idle)]:
runtime.gopark(0x100bd49e0?, 0x11b8f8b67f50?, 0x0?, 0x0?, 0x0?)
	/opt/homebrew/Cellar/go/1.26.5/libexec/src/runtime/proc.go:462 +0xbc fp=0x11b8f8b67f20 sp=0x11b8f8b67f00 pc=0x100b5db7c
runtime.gcBgMarkWorker(0x11b8f8b107e0)
	/opt/homebrew/Cellar/go/1.26.5/libexec/src/runtime/mgc.go:1791 +0xe0 fp=0x11b8f8b67fb0 sp=0x11b8f8b67f20 pc=0x100b063e0
runtime.gcBgMarkStartWorkers.gowrap1()
	/opt/homebrew/Cellar/go/1.26.5/libexec/src/runtime/mgc.go:1695 +0x20 fp=0x11b8f8b67fd0 sp=0x11b8f8b67fb0 pc=0x100b062e0
runtime.goexit({})
	/opt/homebrew/Cellar/go/1.26.5/libexec/src/runtime/asm_arm64.s:1447 +0x4 fp=0x11b8f8b67fd0 sp=0x11b8f8b67fd0 pc=0x100b650f4
created by runtime.gcBgMarkStartWorkers in goroutine 5
	/opt/homebrew/Cellar/go/1.26.5/libexec/src/runtime/mgc.go:1695 +0x134

goroutine 7 gp=0x11b8f8aeb860 m=nil [GC worker (idle)]:
runtime.gopark(0x0?, 0x0?, 0x0?, 0x0?, 0x0?)
	/opt/homebrew/Cellar/go/1.26.5/libexec/src/runtime/proc.go:462 +0xbc fp=0x11b8f8b68720 sp=0x11b8f8b68700 pc=0x100b5db7c
runtime.gcBgMarkWorker(0x11b8f8b107e0)
	/opt/homebrew/Cellar/go/1.26.5/libexec/src/runtime/mgc.go:1791 +0xe0 fp=0x11b8f8b687b0 sp=0x11b8f8b68720 pc=0x100b063e0
runtime.gcBgMarkStartWorkers.gowrap1()
	/opt/homebrew/Cellar/go/1.26.5/libexec/src/runtime/mgc.go:1695 +0x20 fp=0x11b8f8b687d0 sp=0x11b8f8b687b0 pc=0x100b062e0
runtime.goexit({})
	/opt/homebrew/Cellar/go/1.26.5/libexec/src/runtime/asm_arm64.s:1447 +0x4 fp=0x11b8f8b687d0 sp=0x11b8f8b687d0 pc=0x100b650f4
created by runtime.gcBgMarkStartWorkers in goroutine 5
	/opt/homebrew/Cellar/go/1.26.5/libexec/src/runtime/mgc.go:1695 +0x134

goroutine 8 gp=0x11b8f8aeba40 m=nil [GC worker (idle)]:
runtime.gopark(0x0?, 0x0?, 0x0?, 0x0?, 0x0?)
	/opt/homebrew/Cellar/go/1.26.5/libexec/src/runtime/proc.go:462 +0xbc fp=0x11b8f8b68f20 sp=0x11b8f8b68f00 pc=0x100b5db7c
runtime.gcBgMarkWorker(0x11b8f8b107e0)
	/opt/homebrew/Cellar/go/1.26.5/libexec/src/runtime/mgc.go:1791 +0xe0 fp=0x11b8f8b68fb0 sp=0x11b8f8b68f20 pc=0x100b063e0
runtime.gcBgMarkStartWorkers.gowrap1()
	/opt/homebrew/Cellar/go/1.26.5/libexec/src/runtime/mgc.go:1695 +0x20 fp=0x11b8f8b68fd0 sp=0x11b8f8b68fb0 pc=0x100b062e0
runtime.goexit({})
	/opt/homebrew/Cellar/go/1.26.5/libexec/src/runtime/asm_arm64.s:1447 +0x4 fp=0x11b8f8b68fd0 sp=0x11b8f8b68fd0 pc=0x100b650f4
created by runtime.gcBgMarkStartWorkers in goroutine 5
	/opt/homebrew/Cellar/go/1.26.5/libexec/src/runtime/mgc.go:1695 +0x134

goroutine 9 gp=0x11b8f8aebc20 m=nil [GC worker (idle)]:
runtime.gopark(0x0?, 0x0?, 0x0?, 0x0?, 0x0?)
	/opt/homebrew/Cellar/go/1.26.5/libexec/src/runtime/proc.go:462 +0xbc fp=0x11b8f8b69720 sp=0x11b8f8b69700 pc=0x100b5db7c
runtime.gcBgMarkWorker(0x11b8f8b107e0)
	/opt/homebrew/Cellar/go/1.26.5/libexec/src/runtime/mgc.go:1791 +0xe0 fp=0x11b8f8b697b0 sp=0x11b8f8b69720 pc=0x100b063e0
runtime.gcBgMarkStartWorkers.gowrap1()
	/opt/homebrew/Cellar/go/1.26.5/libexec/src/runtime/mgc.go:1695 +0x20 fp=0x11b8f8b697d0 sp=0x11b8f8b697b0 pc=0x100b062e0
runtime.goexit({})
	/opt/homebrew/Cellar/go/1.26.5/libexec/src/runtime/asm_arm64.s:1447 +0x4 fp=0x11b8f8b697d0 sp=0x11b8f8b697d0 pc=0x100b650f4
created by runtime.gcBgMarkStartWorkers in goroutine 5
	/opt/homebrew/Cellar/go/1.26.5/libexec/src/runtime/mgc.go:1695 +0x134

goroutine 10 gp=0x11b8f8f66000 m=nil [GC worker (idle)]:
runtime.gopark(0x0?, 0x0?, 0x0?, 0x0?, 0x0?)
	/opt/homebrew/Cellar/go/1.26.5/libexec/src/runtime/proc.go:462 +0xbc fp=0x11b8f8b69f20 sp=0x11b8f8b69f00 pc=0x100b5db7c
runtime.gcBgMarkWorker(0x11b8f8b107e0)
	/opt/homebrew/Cellar/go/1.26.5/libexec/src/runtime/mgc.go:1791 +0xe0 fp=0x11b8f8b69fb0 sp=0x11b8f8b69f20 pc=0x100b063e0
runtime.gcBgMarkStartWorkers.gowrap1()
	/opt/homebrew/Cellar/go/1.26.5/libexec/src/runtime/mgc.go:1695 +0x20 fp=0x11b8f8b69fd0 sp=0x11b8f8b69fb0 pc=0x100b062e0
runtime.goexit({})
	/opt/homebrew/Cellar/go/1.26.5/libexec/src/runtime/asm_arm64.s:1447 +0x4 fp=0x11b8f8b69fd0 sp=0x11b8f8b69fd0 pc=0x100b650f4
created by runtime.gcBgMarkStartWorkers in goroutine 5
	/opt/homebrew/Cellar/go/1.26.5/libexec/src/runtime/mgc.go:1695 +0x134

goroutine 11 gp=0x11b8f8f661e0 m=nil [GC worker (idle)]:
runtime.gopark(0x35edd39acec?, 0x0?, 0xe8?, 0xc7?, 0x100cb8044?)
	/opt/homebrew/Cellar/go/1.26.5/libexec/src/runtime/proc.go:462 +0xbc fp=0x11b8f8f6c720 sp=0x11b8f8f6c700 pc=0x100b5db7c
runtime.gcBgMarkWorker(0x11b8f8b107e0)
	/opt/homebrew/Cellar/go/1.26.5/libexec/src/runtime/mgc.go:1791 +0xe0 fp=0x11b8f8f6c7b0 sp=0x11b8f8f6c720 pc=0x100b063e0
runtime.gcBgMarkStartWorkers.gowrap1()
	/opt/homebrew/Cellar/go/1.26.5/libexec/src/runtime/mgc.go:1695 +0x20 fp=0x11b8f8f6c7d0 sp=0x11b8f8f6c7b0 pc=0x100b062e0
runtime.goexit({})
	/opt/homebrew/Cellar/go/1.26.5/libexec/src/runtime/asm_arm64.s:1447 +0x4 fp=0x11b8f8f6c7d0 sp=0x11b8f8f6c7d0 pc=0x100b650f4
created by runtime.gcBgMarkStartWorkers in goroutine 5
	/opt/homebrew/Cellar/go/1.26.5/libexec/src/runtime/mgc.go:1695 +0x134

goroutine 12 gp=0x11b8f8f663c0 m=nil [GC worker (idle)]:
runtime.gopark(0x35edd3904a1?, 0x0?, 0x0?, 0x0?, 0x0?)
	/opt/homebrew/Cellar/go/1.26.5/libexec/src/runtime/proc.go:462 +0xbc fp=0x11b8f8f6cf20 sp=0x11b8f8f6cf00 pc=0x100b5db7c
runtime.gcBgMarkWorker(0x11b8f8b107e0)
	/opt/homebrew/Cellar/go/1.26.5/libexec/src/runtime/mgc.go:1791 +0xe0 fp=0x11b8f8f6cfb0 sp=0x11b8f8f6cf20 pc=0x100b063e0
runtime.gcBgMarkStartWorkers.gowrap1()
	/opt/homebrew/Cellar/go/1.26.5/libexec/src/runtime/mgc.go:1695 +0x20 fp=0x11b8f8f6cfd0 sp=0x11b8f8f6cfb0 pc=0x100b062e0
runtime.goexit({})
	/opt/homebrew/Cellar/go/1.26.5/libexec/src/runtime/asm_arm64.s:1447 +0x4 fp=0x11b8f8f6cfd0 sp=0x11b8f8f6cfd0 pc=0x100b650f4
created by runtime.gcBgMarkStartWorkers in goroutine 5
	/opt/homebrew/Cellar/go/1.26.5/libexec/src/runtime/mgc.go:1695 +0x134

goroutine 13 gp=0x11b8f8f665a0 m=nil [GC worker (idle)]:
runtime.gopark(0x35edd395508?, 0x103417360?, 0x8?, 0x1?, 0x40?)
	/opt/homebrew/Cellar/go/1.26.5/libexec/src/runtime/proc.go:462 +0xbc fp=0x11b8f8f6d720 sp=0x11b8f8f6d700 pc=0x100b5db7c
runtime.gcBgMarkWorker(0x11b8f8b107e0)
	/opt/homebrew/Cellar/go/1.26.5/libexec/src/runtime/mgc.go:1791 +0xe0 fp=0x11b8f8f6d7b0 sp=0x11b8f8f6d720 pc=0x100b063e0
runtime.gcBgMarkStartWorkers.gowrap1()
	/opt/homebrew/Cellar/go/1.26.5/libexec/src/runtime/mgc.go:1695 +0x20 fp=0x11b8f8f6d7d0 sp=0x11b8f8f6d7b0 pc=0x100b062e0
runtime.goexit({})
	/opt/homebrew/Cellar/go/1.26.5/libexec/src/runtime/asm_arm64.s:1447 +0x4 fp=0x11b8f8f6d7d0 sp=0x11b8f8f6d7d0 pc=0x100b650f4
created by runtime.gcBgMarkStartWorkers in goroutine 5
	/opt/homebrew/Cellar/go/1.26.5/libexec/src/runtime/mgc.go:1695 +0x134

goroutine 14 gp=0x11b8f8f66780 m=nil [GC worker (idle)]:
runtime.gopark(0x1010819c0?, 0x1?, 0xb9?, 0x55?, 0x100cb8044?)
	/opt/homebrew/Cellar/go/1.26.5/libexec/src/runtime/proc.go:462 +0xbc fp=0x11b8f8f6df20 sp=0x11b8f8f6df00 pc=0x100b5db7c
runtime.gcBgMarkWorker(0x11b8f8b107e0)
	/opt/homebrew/Cellar/go/1.26.5/libexec/src/runtime/mgc.go:1791 +0xe0 fp=0x11b8f8f6dfb0 sp=0x11b8f8f6df20 pc=0x100b063e0
runtime.gcBgMarkStartWorkers.gowrap1()
	/opt/homebrew/Cellar/go/1.26.5/libexec/src/runtime/mgc.go:1695 +0x20 fp=0x11b8f8f6dfd0 sp=0x11b8f8f6dfb0 pc=0x100b062e0
runtime.goexit({})
	/opt/homebrew/Cellar/go/1.26.5/libexec/src/runtime/asm_arm64.s:1447 +0x4 fp=0x11b8f8f6dfd0 sp=0x11b8f8f6dfd0 pc=0x100b650f4
created by runtime.gcBgMarkStartWorkers in goroutine 5
	/opt/homebrew/Cellar/go/1.26.5/libexec/src/runtime/mgc.go:1695 +0x134

goroutine 15 gp=0x11b8f8f66960 m=nil [GC worker (idle)]:
runtime.gopark(0x35edd399264?, 0x0?, 0x0?, 0x0?, 0x0?)
	/opt/homebrew/Cellar/go/1.26.5/libexec/src/runtime/proc.go:462 +0xbc fp=0x11b8f8f6e720 sp=0x11b8f8f6e700 pc=0x100b5db7c
runtime.gcBgMarkWorker(0x11b8f8b107e0)
	/opt/homebrew/Cellar/go/1.26.5/libexec/src/runtime/mgc.go:1791 +0xe0 fp=0x11b8f8f6e7b0 sp=0x11b8f8f6e720 pc=0x100b063e0
runtime.gcBgMarkStartWorkers.gowrap1()
	/opt/homebrew/Cellar/go/1.26.5/libexec/src/runtime/mgc.go:1695 +0x20 fp=0x11b8f8f6e7d0 sp=0x11b8f8f6e7b0 pc=0x100b062e0
runtime.goexit({})
	/opt/homebrew/Cellar/go/1.26.5/libexec/src/runtime/asm_arm64.s:1447 +0x4 fp=0x11b8f8f6e7d0 sp=0x11b8f8f6e7d0 pc=0x100b650f4
created by runtime.gcBgMarkStartWorkers in goroutine 5
	/opt/homebrew/Cellar/go/1.26.5/libexec/src/runtime/mgc.go:1695 +0x134

goroutine 16 gp=0x11b8f8f66b40 m=nil [GC worker (idle)]:
runtime.gopark(0x35edd390a53?, 0x103417360?, 0x8?, 0x1?, 0x40?)
	/opt/homebrew/Cellar/go/1.26.5/libexec/src/runtime/proc.go:462 +0xbc fp=0x11b8f8f6ef20 sp=0x11b8f8f6ef00 pc=0x100b5db7c
runtime.gcBgMarkWorker(0x11b8f8b107e0)
	/opt/homebrew/Cellar/go/1.26.5/libexec/src/runtime/mgc.go:1791 +0xe0 fp=0x11b8f8f6efb0 sp=0x11b8f8f6ef20 pc=0x100b063e0
runtime.gcBgMarkStartWorkers.gowrap1()
	/opt/homebrew/Cellar/go/1.26.5/libexec/src/runtime/mgc.go:1695 +0x20 fp=0x11b8f8f6efd0 sp=0x11b8f8f6efb0 pc=0x100b062e0
runtime.goexit({})
	/opt/homebrew/Cellar/go/1.26.5/libexec/src/runtime/asm_arm64.s:1447 +0x4 fp=0x11b8f8f6efd0 sp=0x11b8f8f6efd0 pc=0x100b650f4
created by runtime.gcBgMarkStartWorkers in goroutine 5
	/opt/homebrew/Cellar/go/1.26.5/libexec/src/runtime/mgc.go:1695 +0x134

goroutine 33 gp=0x11b8f8f66d20 m=nil [GC worker (idle)]:
runtime.gopark(0x35edd3a6896?, 0x1?, 0x91?, 0xc7?, 0x100cb8044?)
	/opt/homebrew/Cellar/go/1.26.5/libexec/src/runtime/proc.go:462 +0xbc fp=0x11b8f8f6f720 sp=0x11b8f8f6f700 pc=0x100b5db7c
runtime.gcBgMarkWorker(0x11b8f8b107e0)
	/opt/homebrew/Cellar/go/1.26.5/libexec/src/runtime/mgc.go:1791 +0xe0 fp=0x11b8f8f6f7b0 sp=0x11b8f8f6f720 pc=0x100b063e0
runtime.gcBgMarkStartWorkers.gowrap1()
	/opt/homebrew/Cellar/go/1.26.5/libexec/src/runtime/mgc.go:1695 +0x20 fp=0x11b8f8f6f7d0 sp=0x11b8f8f6f7b0 pc=0x100b062e0
runtime.goexit({})
	/opt/homebrew/Cellar/go/1.26.5/libexec/src/runtime/asm_arm64.s:1447 +0x4 fp=0x11b8f8f6f7d0 sp=0x11b8f8f6f7d0 pc=0x100b650f4
created by runtime.gcBgMarkStartWorkers in goroutine 5
	/opt/homebrew/Cellar/go/1.26.5/libexec/src/runtime/mgc.go:1695 +0x134

goroutine 34 gp=0x11b8f8f66f00 m=nil [GC worker (idle)]:
runtime.gopark(0x1010819c0?, 0x1?, 0xda?, 0x89?, 0x0?)
	/opt/homebrew/Cellar/go/1.26.5/libexec/src/runtime/proc.go:462 +0xbc fp=0x11b8f8f6ff20 sp=0x11b8f8f6ff00 pc=0x100b5db7c
runtime.gcBgMarkWorker(0x11b8f8b107e0)
	/opt/homebrew/Cellar/go/1.26.5/libexec/src/runtime/mgc.go:1791 +0xe0 fp=0x11b8f8f6ffb0 sp=0x11b8f8f6ff20 pc=0x100b063e0
runtime.gcBgMarkStartWorkers.gowrap1()
	/opt/homebrew/Cellar/go/1.26.5/libexec/src/runtime/mgc.go:1695 +0x20 fp=0x11b8f8f6ffd0 sp=0x11b8f8f6ffb0 pc=0x100b062e0
runtime.goexit({})
	/opt/homebrew/Cellar/go/1.26.5/libexec/src/runtime/asm_arm64.s:1447 +0x4 fp=0x11b8f8f6ffd0 sp=0x11b8f8f6ffd0 pc=0x100b650f4
created by runtime.gcBgMarkStartWorkers in goroutine 5
	/opt/homebrew/Cellar/go/1.26.5/libexec/src/runtime/mgc.go:1695 +0x134

goroutine 35 gp=0x11b8f8f670e0 m=nil [GC worker (idle)]:
runtime.gopark(0x35edd3955af?, 0x3?, 0x29?, 0x7?, 0x0?)
	/opt/homebrew/Cellar/go/1.26.5/libexec/src/runtime/proc.go:462 +0xbc fp=0x11b8f8f68720 sp=0x11b8f8f68700 pc=0x100b5db7c
runtime.gcBgMarkWorker(0x11b8f8b107e0)
	/opt/homebrew/Cellar/go/1.26.5/libexec/src/runtime/mgc.go:1791 +0xe0 fp=0x11b8f8f687b0 sp=0x11b8f8f68720 pc=0x100b063e0
runtime.gcBgMarkStartWorkers.gowrap1()
	/opt/homebrew/Cellar/go/1.26.5/libexec/src/runtime/mgc.go:1695 +0x20 fp=0x11b8f8f687d0 sp=0x11b8f8f687b0 pc=0x100b062e0
runtime.goexit({})
	/opt/homebrew/Cellar/go/1.26.5/libexec/src/runtime/asm_arm64.s:1447 +0x4 fp=0x11b8f8f687d0 sp=0x11b8f8f687d0 pc=0x100b650f4
created by runtime.gcBgMarkStartWorkers in goroutine 5
	/opt/homebrew/Cellar/go/1.26.5/libexec/src/runtime/mgc.go:1695 +0x134
FAIL	github.com/mediusfy/modulex/otel	0.399s
FAIL
